=== BENCHMARK EXECUTION SUMMARY ===
Run ID: 74f3e452_x-ai_grok-4.1-fast_20251229_191208
Started: 2025-12-29T19:34:50.922202
============================================================

[2025-12-29 19:34:50.922288] HARNESS INITIALIZED
  Model: x-ai/grok-4.1-fast
  Problems: 10
  Max parallel: 100
  Problem list:
    000: ackermann_function_growth
    001: al_khwarizmi_geometric_algebra
    002: apollonian_gasket
    003: apollonius_conic_sections
    004: archimedean_spiral_galaxy
    005: archimedes_spiral
    006: barbell_dumbbell_shape
    007: binary_tree_fractal
    008: brahmagupta_cyclic_quadrilaterals
    009: braided_rope

[2025-12-29 19:34:51.231755] START problem_000: ackermann_function_growth
[2025-12-29 19:35:27.430042] EXCEPTION in problem_001 (run_single_problem): RuntimeError: Shader execution failed: 
thread 'main' panicked at /Users/nicholasbardy/.cargo/registry/src/index.crates.io-1949cf8c6b5b557f/wgpu-0.20.1/src/backend/wgpu_core.rs:2996:5:
wgpu error: Validation Error

Caused by:
    In Device::create_shader_module
      note: label = `user_shader`
    
Shader 'user_shader' parsing error: expected assignment or increment/decrement, found 'BG_COLOR'
   ┌─ wgsl:35:11
   │
35 │     const BG_COLOR: vec3<f32> = vec3<f32>(0.996, 0.953, 0.780);
   │           ^^^^^^^^ expected assignment or inc
[2025-12-29 19:35:27.430212] END problem_001: al_khwarizmi_geometric_algebra - FAILED (1250.25s)
[2025-12-29 19:35:27.431594] EXCEPTION in problem_005 (run_single_problem): RuntimeError: Shader execution failed: 
thread 'main' panicked at /Users/nicholasbardy/.cargo/registry/src/index.crates.io-1949cf8c6b5b557f/wgpu-0.20.1/src/backend/wgpu_core.rs:2996:5:
wgpu error: Validation Error

Caused by:
    In Device::create_shader_module
      note: label = `user_shader`
    
Shader validation error: 
    ┌─ user_shader:132:17
    │
132 │         let n = nsides_arr[pi];
    │                 ^^^^^^^^^^^^^^ naga::Expression [125]


    Entry point fs_main at Fragment is invalid
    Expression [125] is invalid
 
[2025-12-29 19:35:27.431642] END problem_005: archimedes_spiral - FAILED (612.13s)
[2025-12-29 19:35:27.433112] EXCEPTION in problem_007 (run_single_problem): RuntimeError: Shader execution failed: 
thread 'main' panicked at /Users/nicholasbardy/.cargo/registry/src/index.crates.io-1949cf8c6b5b557f/wgpu-0.20.1/src/backend/wgpu_core.rs:2996:5:
wgpu error: Validation Error

Caused by:
    In Device::create_shader_module
      note: label = `user_shader`
    
Shader 'user_shader' parsing error: declaration of `sdf_subtree` is recursive
   ┌─ wgsl:36:4
   │
36 │ fn sdf_subtree(pos: vec3<f32>, start_pos: vec3<f32>, dir: vec3<f32>, len: f32, rad: f32, level: u32) -> f32 {
   │    ^^^^^^^^^^^
   ·
[2025-12-29 19:35:27.433169] END problem_007: binary_tree_fractal - FAILED (362.75s)
[2025-12-29 19:35:28.623070] EXCEPTION in problem_009 (run_single_problem): RuntimeError: Shader execution failed: 
thread 'main' panicked at /Users/nicholasbardy/.cargo/registry/src/index.crates.io-1949cf8c6b5b557f/wgpu-0.20.1/src/backend/wgpu_core.rs:2996:5:
wgpu error: Validation Error

Caused by:
    In Device::create_shader_module
      note: label = `user_shader`
    
Shader 'user_shader' parsing error: expected ')', found ':'
   ┌─ wgsl:35:34
   │
35 │     var res: SDFRes = SDFRes(dist: 1e10, id: 0u);
   │                                  ^ expected ')'


    expected ')', found ':'


note: run with `
[2025-12-29 19:35:28.623128] END problem_009: braided_rope - FAILED (88.28s)
[2025-12-29 19:35:28.624521] EXCEPTION in problem_008 (run_single_problem): RuntimeError: Shader execution still failing after repair: 
thread 'main' panicked at /Users/nicholasbardy/.cargo/registry/src/index.crates.io-1949cf8c6b5b557f/wgpu-0.20.1/src/backend/wgpu_core.rs:2996:5:
wgpu error: Validation Error

Caused by:
    In Device::create_shader_module
      note: label = `user_shader`
    
Shader 'user_shader' parsing error: invalid left-hand side of assignment
   ┌─ wgsl:24:5
   │
24 │     (*col).rgb = mix((*col).rgb, seg_color, alpha);
   │     ^^^^^^^^^^ cannot assign to this expression
   │
   = note: WGSL does not supp
[2025-12-29 19:35:28.624580] END problem_008: brahmagupta_cyclic_quadrilaterals - FAILED (256.83s)

============================================================
Run completed: 2025-12-29T19:35:28.624887
[2025-12-29 19:37:15.114183] START problem_001: al_khwarizmi_geometric_algebra
[2025-12-29 19:37:15.115413] EXCEPTION in problem_001 (run_single_problem): RuntimeError: Resume from checkpoint not yet implemented
[2025-12-29 19:37:15.115475] END problem_001: al_khwarizmi_geometric_algebra - FAILED (0.00s)
[2025-12-29 19:37:15.115924] START problem_002: apollonian_gasket
[2025-12-29 19:39:20.865116] START problem_003: apollonius_conic_sections
[2025-12-29 19:42:06.760566] START problem_004: archimedean_spiral_galaxy
[2025-12-29 19:45:40.280713] EXCEPTION in problem_004 (generate stage): ValueError: No shader files found
[2025-12-29 19:45:40.283008] EXCEPTION in problem_004 (run_single_problem): ValueError: No shader files found
[2025-12-29 19:45:40.283132] END problem_004: archimedean_spiral_galaxy - FAILED (213.52s)
[2025-12-29 19:45:40.283774] START problem_005: archimedes_spiral
[2025-12-29 19:45:40.284164] EXCEPTION in problem_005 (run_single_problem): RuntimeError: Resume from checkpoint not yet implemented
[2025-12-29 19:45:40.284258] END problem_005: archimedes_spiral - FAILED (0.00s)
[2025-12-29 19:45:40.284570] START problem_006: barbell_dumbbell_shape
[2025-12-29 19:47:22.473359] EXCEPTION in problem_006 (generate stage): ValueError: No shader files found
[2025-12-29 19:47:22.476679] EXCEPTION in problem_006 (run_single_problem): ValueError: No shader files found
[2025-12-29 19:47:22.476969] END problem_006: barbell_dumbbell_shape - FAILED (102.19s)
[2025-12-29 19:47:22.478284] START problem_007: binary_tree_fractal
[2025-12-29 19:47:22.479366] EXCEPTION in problem_007 (run_single_problem): RuntimeError: Resume from checkpoint not yet implemented
[2025-12-29 19:47:22.479627] END problem_007: binary_tree_fractal - FAILED (0.00s)
[2025-12-29 19:47:22.480387] START problem_008: brahmagupta_cyclic_quadrilaterals
[2025-12-29 19:47:22.481073] EXCEPTION in problem_008 (run_single_problem): RuntimeError: Resume from checkpoint not yet implemented
[2025-12-29 19:47:22.481286] END problem_008: brahmagupta_cyclic_quadrilaterals - FAILED (0.00s)
[2025-12-29 19:47:22.481807] START problem_009: braided_rope
[2025-12-29 19:49:12.296839] EXCEPTION in problem_009 (run_single_problem): RuntimeError: Resume from checkpoint not yet implemented
[2025-12-29 19:49:12.297207] END problem_009: braided_rope - FAILED (109.81s)
[2025-12-29 19:49:12.305376] EXCEPTION in problem_000 (run_single_problem): RuntimeError: Shader execution failed: 
thread 'main' panicked at /Users/nicholasbardy/.cargo/registry/src/index.crates.io-1949cf8c6b5b557f/wgpu-0.20.1/src/backend/wgpu_core.rs:2996:5:
wgpu error: Validation Error

Caused by:
    In Device::create_shader_module
      note: label = `user_shader`
    
Shader 'user_shader' parsing error: expected '{', found '='
   ┌─ wgsl:30:17
   │
30 │         case 0u => { 0.0 },
   │                 ^ expected '{'


    expected '{', found '='


note: run with `RUST_BACKTRACE=1` environment variable 
[2025-12-29 19:49:12.305634] END problem_000: ackermann_function_growth - FAILED (861.07s)
[2025-12-29 19:49:12.314810] EXCEPTION in problem_003 (run_single_problem): RuntimeError: Shader execution failed: 
thread 'main' panicked at /Users/nicholasbardy/.cargo/registry/src/index.crates.io-1949cf8c6b5b557f/wgpu-0.20.1/src/backend/wgpu_core.rs:2996:5:
wgpu error: Validation Error

Caused by:
    In Device::create_shader_module
      note: label = `user_shader`
    
Shader 'user_shader' parsing error: no definition in scope for identifier: 'TAN_ALPHA'
    ┌─ wgsl:139:48
    │
139 │         let p1: vec3<f32> = vec3<f32>(-z_max * TAN_ALPHA * ct, -z_max * TAN_ALPHA * st, -z_max);
    │                  
[2025-12-29 19:49:12.314916] END problem_003: apollonius_conic_sections - FAILED (591.45s)
[2025-12-29 19:49:25.368670] END problem_002: apollonian_gasket - SUCCESS (730.25s)

============================================================
Run completed: 2025-12-29T19:49:25.369107
