=== RENDER FAILED ===
Return code: 101
Command: /Users/nicholasbardy/git/shader_benchmark/shader_harness/target/release/shader-bench --shader /Users/nicholasbardy/git/shader_benchmark/llm_harness/benchmark_run_output/6d027e7a_x-ai_grok-4.1-fast_20251230_190603/results/005_archimedes_spiral/shaders/shader_0.wgsl --output /Users/nicholasbardy/git/shader_benchmark/llm_harness/benchmark_run_output/6d027e7a_x-ai_grok-4.1-fast_20251230_190603/results/005_archimedes_spiral/artifacts/result.png

=== STDERR ===

thread 'main' panicked at /Users/nicholasbardy/.cargo/registry/src/index.crates.io-1949cf8c6b5b557f/wgpu-0.20.1/src/backend/wgpu_core.rs:2996:5:
wgpu error: Validation Error

Caused by:
    In Device::create_shader_module
      note: label = `user_shader`
    
Shader validation error: 
   ┌─ user_shader:19:1
   │  
19 │ ╭ fn papyrus_uv(frag_uv: vec2<f32>) -> vec3<f32> {
20 │ │     var col: vec3<f32> = vec3<f32>(0.96, 0.902, 0.827);
21 │ │     let center_uv = vec2<f32>(0.5, 0.5);
22 │ │     let to_center = frag_uv - center_uv;
23 │ │     let vig_in = 1.0 - length(to_center) * 2.0;
24 │ │     let vig = pow(max(vig_in, 0.0), vec3<f32>(2.0));
   │ │               ^^^ naga::Expression [20]
   · │
34 │ │     col = col * (1.0 - water_base * water_dark);
35 │ │     return col * vig + 0.02;
   │ ╰────────────────────────────^ naga::Function [2]


    Function [2] 'papyrus_uv' is invalid
    Expression [20] is invalid
    Argument [1] to Pow as expression [19] has an invalid type.


note: run with `RUST_BACKTRACE=1` environment variable to display a backtrace


=== STDOUT ===
