=== BENCHMARK EXECUTION SUMMARY ===
Run ID: f8c3b8c0_x-ai_grok-4.1-fast_20251229_203332
Started: 2025-12-29T20:33:32.077687
============================================================

[2025-12-29 20:33:32.077734] HARNESS INITIALIZED
  Model: x-ai/grok-4.1-fast
  Problems: 10
  Max parallel: 100
  Problem list:
    000: ackermann_function_growth
    001: al_khwarizmi_geometric_algebra
    002: apollonian_gasket
    003: apollonius_conic_sections
    004: archimedean_spiral_galaxy
    005: archimedes_spiral
    006: barbell_dumbbell_shape
    007: binary_tree_fractal
    008: brahmagupta_cyclic_quadrilaterals
    009: braided_rope

[2025-12-29 20:33:32.335813] START problem_000: ackermann_function_growth
[2025-12-29 20:36:39.327898] EXCEPTION in problem_000 (generate stage): ValueError: No shader files found
[2025-12-29 20:36:39.329723] EXCEPTION in problem_000 (run_single_problem): ValueError: No shader files found
[2025-12-29 20:36:39.329799] END problem_000: ackermann_function_growth - FAILED (186.99s)
[2025-12-29 20:36:39.330284] START problem_001: al_khwarizmi_geometric_algebra
[2025-12-29 20:38:22.104089] START problem_002: apollonian_gasket
[2025-12-29 20:41:54.682802] EXCEPTION in problem_002 (generate stage): ValueError: No shader files found
[2025-12-29 20:41:54.684459] EXCEPTION in problem_002 (run_single_problem): ValueError: No shader files found
[2025-12-29 20:41:54.684522] END problem_002: apollonian_gasket - FAILED (212.58s)
[2025-12-29 20:41:54.684908] START problem_003: apollonius_conic_sections
[2025-12-29 20:44:16.209969] START problem_004: archimedean_spiral_galaxy
[2025-12-29 20:47:13.330793] START problem_005: archimedes_spiral
[2025-12-29 20:49:42.100581] START problem_006: barbell_dumbbell_shape
[2025-12-29 20:51:47.740644] START problem_007: binary_tree_fractal
[2025-12-29 20:53:47.502465] EXCEPTION in problem_007 (generate stage): ValueError: No shader files found
[2025-12-29 20:53:47.504375] EXCEPTION in problem_007 (run_single_problem): ValueError: No shader files found
[2025-12-29 20:53:47.504449] END problem_007: binary_tree_fractal - FAILED (119.76s)
[2025-12-29 20:53:47.505138] START problem_008: brahmagupta_cyclic_quadrilaterals
[2025-12-29 20:55:52.447443] START problem_009: braided_rope
[2025-12-29 20:58:12.621170] EXCEPTION in problem_001 (run_single_problem): RuntimeError: Shader execution failed: 
thread 'main' panicked at /Users/nicholasbardy/.cargo/registry/src/index.crates.io-1949cf8c6b5b557f/wgpu-0.20.1/src/backend/wgpu_core.rs:2996:5:
wgpu error: Validation Error

Caused by:
    In Device::create_shader_module
      note: label = `user_shader`
    
Shader 'user_shader' parsing error: expected assignment or increment/decrement, found 'central_side'
   ┌─ wgsl:44:11
   │
44 │     const central_side: f32 = 3.0;
   │           ^^^^^^^^^^^^ expected assignment or increment/decrement


  
[2025-12-29 20:58:12.621369] END problem_001: al_khwarizmi_geometric_algebra - FAILED (1293.29s)
[2025-12-29 20:58:12.623470] EXCEPTION in problem_003 (run_single_problem): RuntimeError: Shader execution failed: 
thread 'main' panicked at /Users/nicholasbardy/.cargo/registry/src/index.crates.io-1949cf8c6b5b557f/wgpu-0.20.1/src/backend/wgpu_core.rs:2996:5:
wgpu error: Validation Error

Caused by:
    In Device::create_shader_module
      note: label = `user_shader`
    
Shader 'user_shader' parsing error: expected assignment or increment/decrement, found 'project'
   ┌─ wgsl:77:8
   │
77 │     fn project(p: vec3<f32>) -> vec2<f32> {
   │        ^^^^^^^ expected assignment or increment/decrement


    exp
[2025-12-29 20:58:12.623542] END problem_003: apollonius_conic_sections - FAILED (977.94s)
[2025-12-29 20:58:12.672406] EXCEPTION in problem_006 (run_single_problem): RuntimeError: Shader execution failed: 
thread 'main' panicked at /Users/nicholasbardy/.cargo/registry/src/index.crates.io-1949cf8c6b5b557f/wgpu-0.20.1/src/backend/wgpu_core.rs:2996:5:
wgpu error: Validation Error

Caused by:
    In Device::create_shader_module
      note: label = `user_shader`
    
Shader validation error: 
    ┌─ user_shader:205:15
    │
205 │         col = clamp(col, 0.0, 1.0);
    │               ^^^^^ naga::Expression [262]


    Entry point fs_main at Fragment is invalid
    Expression [262] is invalid
    Argu
[2025-12-29 20:58:12.672607] END problem_006: barbell_dumbbell_shape - FAILED (510.57s)
[2025-12-29 20:58:25.674579] END problem_009: braided_rope - SUCCESS (153.23s)
[2025-12-29 20:58:27.932659] END problem_004: archimedean_spiral_galaxy - SUCCESS (851.72s)
[2025-12-29 20:58:28.398371] END problem_005: archimedes_spiral - SUCCESS (675.07s)
[2025-12-29 20:58:30.769893] END problem_008: brahmagupta_cyclic_quadrilaterals - SUCCESS (283.26s)

============================================================
Run completed: 2025-12-29T20:58:30.770129
