=== RENDER LOG ===
Command: /Users/nicholasbardy/git/shader_benchmark/shader_harness/target/release/shader-bench --shader /Users/nicholasbardy/git/shader_benchmark/llm_harness/benchmark_run_output/74f3e452_x-ai_grok-4.1-fast_20251229_191208/results/005_archimedes_spiral/shaders/shader_0.wgsl --output /Users/nicholasbardy/git/shader_benchmark/llm_harness/benchmark_run_output/74f3e452_x-ai_grok-4.1-fast_20251229_191208/results/005_archimedes_spiral/artifacts/result.png
Return code: 101

=== STDOUT ===
(empty)

=== STDERR ===

thread 'main' panicked at /Users/nicholasbardy/.cargo/registry/src/index.crates.io-1949cf8c6b5b557f/wgpu-0.20.1/src/backend/wgpu_core.rs:2996:5:
wgpu error: Validation Error

Caused by:
    In Device::create_shader_module
      note: label = `user_shader`
    
Shader validation error: 
    ┌─ user_shader:132:17
    │
132 │         let n = nsides_arr[pi];
    │                 ^^^^^^^^^^^^^^ naga::Expression [125]


    Entry point fs_main at Fragment is invalid
    Expression [125] is invalid
    The expression [118] may only be indexed by a constant


note: run with `RUST_BACKTRACE=1` environment variable to display a backtrace
