=== RENDER FAILED ===
Return code: 101
Command: /Users/nicholasbardy/git/shader_benchmark/shader_harness/target/release/shader-bench --shader /Users/nicholasbardy/git/shader_benchmark/llm_harness/benchmark_run_output/1b50d645_x-ai_grok-4.1-fast_20260101_122805/results/000_ackermann_function_growth/shaders/shader_0.wgsl --output /Users/nicholasbardy/git/shader_benchmark/llm_harness/benchmark_run_output/1b50d645_x-ai_grok-4.1-fast_20260101_122805/results/000_ackermann_function_growth/artifacts/result.png

=== STDERR ===

thread 'main' panicked at /Users/nicholasbardy/.cargo/registry/src/index.crates.io-1949cf8c6b5b557f/wgpu-0.20.1/src/backend/wgpu_core.rs:2996:5:
wgpu error: Validation Error

Caused by:
    In Device::create_shader_module
      note: label = `user_shader`
    
Shader 'user_shader' parsing error: invalid left-hand side of assignment
   ┌─ wgsl:61:9
   │
61 │         color.rgb = axis_color;
   │         ^^^^^^^^^ cannot assign to this expression
   │
   = note: WGSL does not support assignments to swizzles
   = note: consider assigning each component individually


    invalid left-hand side of assignment


note: run with `RUST_BACKTRACE=1` environment variable to display a backtrace


=== STDOUT ===
